
> start
> node ./tools/start-dev.mjs

Created backend/.env.local from backend/.env.example

> nursery-backend@1.0.0 dev
> node --watch src/server.js


> nursery-frontend@1.0.0 start
> node ./scripts/write-runtime-config.mjs && ng serve

Failed running 'src/server.js'. Waiting for file changes before restarting...
[33m>[39m Building...
backend stopped with signal SIGINT
Restarting 'src/server.js'
Failed running 'src/server.js'. Waiting for file changes before restarting...
Restarting 'src/server.js'
Restarting 'src/server.js'
Failed running 'src/server.js'. Waiting for file changes before restarting...
Restarting 'src/server.js'
Failed running 'src/server.js'. Waiting for file changes before restarting...
Restarting 'src/server.js'
Failed running 'src/server.js'. Waiting for file changes before restarting...
Restarting 'src/server.js'
Failed running 'src/server.js'. Waiting for file changes before restarting...
s before restarting...
Restarting 'src/server.js'
Failed running 'src/server.js'. Waiting for file changes before restarting...
Restarting 'src/server.js'
Failed running 'src/server.js'. Waiting for file changes before restarting...
